// Jest Snapshot v1, https://goo.gl/fbAQLP

exports[`Pruebas en GifItem.test Debe de hacer match con el snapshot 1`] = `
<div>
  <div
    class="card"
  >
    <img
      alt="DragonBall"
      src="https://www.crunchyroll.com/imgsrv/display/thumbnail/1200x675/catalog/crunchyroll/36bdc5ea4443cd8e42f22ec7d3884cbb.jpe"
    />
    <p>
      DragonBall
    </p>
  </div>
</div>
`;
